// Jest Snapshot v1, https://goo.gl/fbAQLP

exports[`TabsMiddleAddIcon should match snapshot 1`] = `
<View
  accessibilityState={
    {
      "busy": undefined,
      "checked": undefined,
      "disabled": undefined,
      "expanded": undefined,
      "selected": undefined,
    }
  }
  accessibilityValue={
    {
      "max": undefined,
      "min": undefined,
      "now": undefined,
      "text": undefined,
    }
  }
  accessible={true}
  collapsable={false}
  focusable={false}
  onClick={[Function]}
  onResponderGrant={[Function]}
  onResponderMove={[Function]}
  onResponderRelease={[Function]}
  onResponderTerminate={[Function]}
  onResponderTerminationRequest={[Function]}
  onStartShouldSetResponder={[Function]}
  style={
    {
      "alignItems": "center",
      "alignSelf": "center",
      "backgroundColor": "#0d0061",
      "borderRadius": 100,
      "bottom": 20,
      "height": 90,
      "opacity": 1,
      "position": "absolute",
      "width": 90,
      "zIndex": 100,
    }
  }
>
  <Text
    allowFontScaling={false}
    selectable={false}
    style={
      [
        {
          "color": "#FFFFFF",
          "fontSize": 24,
        },
        {
          "marginTop": 18,
        },
        {
          "fontFamily": "Material Design Icons",
          "fontStyle": "normal",
          "fontWeight": "normal",
        },
        {},
      ]
    }
  >
    Û∞êï
  </Text>
  <Text
    style={
      {
        "color": "#FFFFFF",
        "fontSize": 12,
        "marginTop": 10,
      }
    }
  >
    navigation:deals:headerTitle
  </Text>
</View>
`;
